V3 3
FL "C:/Users/Roman Gasparini/Documents/xilink/projectsVhdl/ffd/ffd.vhd" 2020/08/09.11:47:50 P.20131013
EN work/ffd 1596984689 \
      FL "C:/Users/Roman Gasparini/Documents/xilink/projectsVhdl/ffd/ffd.vhd" \
      PB ieee/std_logic_1164 1381692176
AR work/ffd/Behavioral 1596984690 \
      FL "C:/Users/Roman Gasparini/Documents/xilink/projectsVhdl/ffd/ffd.vhd" \
      EN work/ffd 1596984689
