V3 3
FL "C:/Users/Roman Gasparini/Documents/xilink/projectsVhdl/mux4a1/mux4a1.vhd" 2020/08/04.08:46:10 P.20131013
EN work/mux4a1 1596541573 \
      FL "C:/Users/Roman Gasparini/Documents/xilink/projectsVhdl/mux4a1/mux4a1.vhd" \
      PB ieee/std_logic_1164 1381692176 PB ieee/std_logic_arith 1381692177 \
      PB ieee/STD_LOGIC_UNSIGNED 1381692179
AR work/mux4a1/Behavioral 1596541574 \
      FL "C:/Users/Roman Gasparini/Documents/xilink/projectsVhdl/mux4a1/mux4a1.vhd" \
      EN work/mux4a1 1596541573
