AR nat2aik whenelse "C:/Users/Roman Gasparini/Documents/xilink/projectsVhdl/Nat2Aik/Nat2Aik.vhd" sub00/vhpl01 1597926547
AR comparator whenelse "C:/Users/Roman Gasparini/Documents/xilink/projectsVhdl/Nat2Aik/Nat2Aik.vhd" sub00/vhpl03 1598096864
EN comparator NULL "C:/Users/Roman Gasparini/Documents/xilink/projectsVhdl/Nat2Aik/Nat2Aik.vhd" sub00/vhpl02 1598096863
EN nat2aik NULL "C:/Users/Roman Gasparini/Documents/xilink/projectsVhdl/Nat2Aik/Nat2Aik.vhd" sub00/vhpl00 1597926546
