V3 3
FL "C:/Users/Roman Gasparini/Documents/xilink/projectsVhdl/ejercicio_FSM/ejercicio_FSM.vhd" 2020/08/11.21:06:26 P.20131013
EN work/ejercicio_FSM 1597234512 \
      FL "C:/Users/Roman Gasparini/Documents/xilink/projectsVhdl/ejercicio_FSM/ejercicio_FSM.vhd" \
      PB ieee/NUMERIC_STD 1381692181 PB ieee/STD_LOGIC_UNSIGNED 1381692179 \
      PB ieee/std_logic_1164 1381692176
AR work/ejercicio_FSM/Behavioral 1597234513 \
      FL "C:/Users/Roman Gasparini/Documents/xilink/projectsVhdl/ejercicio_FSM/ejercicio_FSM.vhd" \
      EN work/ejercicio_FSM 1597234512
