V3 3
FL "C:/Users/Roman Gasparini/Documents/xilink/projectsVhdl/memoria_ram/RAM1.vhd" 2020/08/10.20:07:44 P.20131013
EN work/RAM1 1597100889 \
      FL "C:/Users/Roman Gasparini/Documents/xilink/projectsVhdl/memoria_ram/RAM1.vhd" \
      PB ieee/std_logic_1164 1381692176 PB ieee/NUMERIC_STD 1381692181 \
      PB ieee/STD_LOGIC_UNSIGNED 1381692179
AR work/RAM1/Behavioral 1597100890 \
      FL "C:/Users/Roman Gasparini/Documents/xilink/projectsVhdl/memoria_ram/RAM1.vhd" \
      EN work/RAM1 1597100889
