EN sumador4b_alto_nivel NULL "C:/Users/Roman Gasparini/Documents/xilink/projectsVhdl/sumador4b/sumador4b_alto_nivel.vhd" sub00/vhpl04 1596386756
AR sumador_completo behavioral "C:/Users/Roman Gasparini/Documents/xilink/projectsVhdl/sumador4b/sumador_completo.vhd" sub00/vhpl03 1596386755
AR sumador_medio behavioral "C:/Users/Roman Gasparini/Documents/xilink/projectsVhdl/sumador4b/sumador_medio.vhd" sub00/vhpl01 1596386753
AR sumador4b_alto_nivel behavioral "C:/Users/Roman Gasparini/Documents/xilink/projectsVhdl/sumador4b/sumador4b_alto_nivel.vhd" sub00/vhpl05 1596386757
EN sumador_completo NULL "C:/Users/Roman Gasparini/Documents/xilink/projectsVhdl/sumador4b/sumador_completo.vhd" sub00/vhpl02 1596386754
EN sumador_medio NULL "C:/Users/Roman Gasparini/Documents/xilink/projectsVhdl/sumador4b/sumador_medio.vhd" sub00/vhpl00 1596386752
