V3 11
FL "C:/Users/Roman Gasparini/Documents/xilink/projectsVhdl/sumador4b/sumador4b_alto_nivel.vhd" 2020/08/02.13:45:26 P.20131013
EN work/sumador4b_alto_nivel 1596386756 \
      FL "C:/Users/Roman Gasparini/Documents/xilink/projectsVhdl/sumador4b/sumador4b_alto_nivel.vhd" \
      PB ieee/std_logic_1164 1381692176
AR work/sumador4b_alto_nivel/Behavioral 1596386757 \
      FL "C:/Users/Roman Gasparini/Documents/xilink/projectsVhdl/sumador4b/sumador4b_alto_nivel.vhd" \
      EN work/sumador4b_alto_nivel 1596386756 CP sumador_medio CP sumador_completo
FL "C:/Users/Roman Gasparini/Documents/xilink/projectsVhdl/sumador4b/sumador_completo.vhd" 2020/08/01.22:19:35 P.20131013
EN work/sumador_completo 1596386754 \
      FL "C:/Users/Roman Gasparini/Documents/xilink/projectsVhdl/sumador4b/sumador_completo.vhd" \
      PB ieee/std_logic_1164 1381692176
AR work/sumador_completo/Behavioral 1596386755 \
      FL "C:/Users/Roman Gasparini/Documents/xilink/projectsVhdl/sumador4b/sumador_completo.vhd" \
      EN work/sumador_completo 1596386754
FL "C:/Users/Roman Gasparini/Documents/xilink/projectsVhdl/sumador4b/sumador_medio.vhd" 2020/07/31.21:48:18 P.20131013
EN work/sumador_medio 1596386752 \
      FL "C:/Users/Roman Gasparini/Documents/xilink/projectsVhdl/sumador4b/sumador_medio.vhd" \
      PB ieee/std_logic_1164 1381692176
AR work/sumador_medio/Behavioral 1596386753 \
      FL "C:/Users/Roman Gasparini/Documents/xilink/projectsVhdl/sumador4b/sumador_medio.vhd" \
      EN work/sumador_medio 1596386752
