V3 3
FL "C:/Users/Roman Gasparini/Documents/xilink/projectsVhdl/multiply_generic/multiplygeneric.vhd" 2020/09/05.11:03:12 P.20131013
EN work/multiplygeneric 1599314601 \
      FL "C:/Users/Roman Gasparini/Documents/xilink/projectsVhdl/multiply_generic/multiplygeneric.vhd" \
      PB ieee/std_logic_1164 1381692176 PB ieee/NUMERIC_STD 1381692181
AR work/multiplygeneric/Behavioral 1599314602 \
      FL "C:/Users/Roman Gasparini/Documents/xilink/projectsVhdl/multiply_generic/multiplygeneric.vhd" \
      EN work/multiplygeneric 1599314601
